Traceback (most recent call last):
  File "/Users/gy22808/opt/anaconda3/lib/python3.9/site-packages/jupyter_cache/executors/utils.py", line 51, in single_nb_execution
    executenb(
  File "/Users/gy22808/opt/anaconda3/lib/python3.9/site-packages/nbclient/client.py", line 1204, in execute
    return NotebookClient(nb=nb, resources=resources, km=km, **kwargs).execute()
  File "/Users/gy22808/opt/anaconda3/lib/python3.9/site-packages/nbclient/util.py", line 84, in wrapped
    return just_run(coro(*args, **kwargs))
  File "/Users/gy22808/opt/anaconda3/lib/python3.9/site-packages/nbclient/util.py", line 62, in just_run
    return loop.run_until_complete(coro)
  File "/Users/gy22808/opt/anaconda3/lib/python3.9/asyncio/base_events.py", line 647, in run_until_complete
    return future.result()
  File "/Users/gy22808/opt/anaconda3/lib/python3.9/site-packages/nbclient/client.py", line 663, in async_execute
    await self.async_execute_cell(
  File "/Users/gy22808/opt/anaconda3/lib/python3.9/site-packages/nbclient/client.py", line 965, in async_execute_cell
    await self._check_raise_for_error(cell, cell_index, exec_reply)
  File "/Users/gy22808/opt/anaconda3/lib/python3.9/site-packages/nbclient/client.py", line 862, in _check_raise_for_error
    raise CellExecutionError.from_cell_and_msg(cell, exec_reply_content)
nbclient.exceptions.CellExecutionError: An error occurred while executing the following cell:
------------------
from geopandas import GeoDataFrame
places_geodf = GeoDataFrame(places_df, crs="EPSG:4326", geometry='geom')
type(places_geodf)
------------------

[0;31m---------------------------------------------------------------------------[0m
[0;31mCRSError[0m                                  Traceback (most recent call last)
Cell [0;32mIn[7], line 2[0m
[1;32m      1[0m [38;5;28;01mfrom[39;00m [38;5;21;01mgeopandas[39;00m [38;5;28;01mimport[39;00m GeoDataFrame
[0;32m----> 2[0m places_geodf [38;5;241m=[39m [43mGeoDataFrame[49m[43m([49m[43mplaces_df[49m[43m,[49m[43m [49m[43mcrs[49m[38;5;241;43m=[39;49m[38;5;124;43m"[39;49m[38;5;124;43mEPSG:4326[39;49m[38;5;124;43m"[39;49m[43m,[49m[43m [49m[43mgeometry[49m[38;5;241;43m=[39;49m[38;5;124;43m'[39;49m[38;5;124;43mgeom[39;49m[38;5;124;43m'[39;49m[43m)[49m
[1;32m      3[0m [38;5;28mtype[39m(places_geodf)

File [0;32m~/opt/anaconda3/envs/ox/lib/python3.12/site-packages/geopandas/geodataframe.py:192[0m, in [0;36mGeoDataFrame.__init__[0;34m(self, data, geometry, crs, *args, **kwargs)[0m
[1;32m    184[0m     [38;5;28;01mif[39;00m (
[1;32m    185[0m         [38;5;28mhasattr[39m(geometry, [38;5;124m"[39m[38;5;124mcrs[39m[38;5;124m"[39m)
[1;32m    186[0m         [38;5;129;01mand[39;00m geometry[38;5;241m.[39mcrs
[1;32m    187[0m         [38;5;129;01mand[39;00m crs
[1;32m    188[0m         [38;5;129;01mand[39;00m [38;5;129;01mnot[39;00m geometry[38;5;241m.[39mcrs [38;5;241m==[39m crs
[1;32m    189[0m     ):
[1;32m    190[0m         [38;5;28;01mraise[39;00m [38;5;167;01mValueError[39;00m(crs_mismatch_error)
[0;32m--> 192[0m     [38;5;28;43mself[39;49m[38;5;241;43m.[39;49m[43mset_geometry[49m[43m([49m[43mgeometry[49m[43m,[49m[43m [49m[43minplace[49m[38;5;241;43m=[39;49m[38;5;28;43;01mTrue[39;49;00m[43m,[49m[43m [49m[43mcrs[49m[38;5;241;43m=[39;49m[43mcrs[49m[43m)[49m
[1;32m    194[0m [38;5;28;01mif[39;00m geometry [38;5;129;01mis[39;00m [38;5;28;01mNone[39;00m [38;5;129;01mand[39;00m crs:
[1;32m    195[0m     [38;5;28;01mraise[39;00m [38;5;167;01mValueError[39;00m(
[1;32m    196[0m         [38;5;124m"[39m[38;5;124mAssigning CRS to a GeoDataFrame without a geometry column is not [39m[38;5;124m"[39m
[1;32m    197[0m         [38;5;124m"[39m[38;5;124msupported. Supply geometry using the [39m[38;5;124m'[39m[38;5;124mgeometry=[39m[38;5;124m'[39m[38;5;124m keyword argument, [39m[38;5;124m"[39m
[1;32m    198[0m         [38;5;124m"[39m[38;5;124mor by providing a DataFrame with column name [39m[38;5;124m'[39m[38;5;124mgeometry[39m[38;5;124m'[39m[38;5;124m"[39m,
[1;32m    199[0m     )

File [0;32m~/opt/anaconda3/envs/ox/lib/python3.12/site-packages/geopandas/geodataframe.py:349[0m, in [0;36mGeoDataFrame.set_geometry[0;34m(self, col, drop, inplace, crs)[0m
[1;32m    346[0m     level[38;5;241m.[39mcrs [38;5;241m=[39m crs
[1;32m    348[0m [38;5;66;03m# Check that we are using a listlike of geometries[39;00m
[0;32m--> 349[0m level [38;5;241m=[39m [43m_ensure_geometry[49m[43m([49m[43mlevel[49m[43m,[49m[43m [49m[43mcrs[49m[38;5;241;43m=[39;49m[43mcrs[49m[43m)[49m
[1;32m    350[0m [38;5;66;03m# update _geometry_column_name prior to assignment[39;00m
[1;32m    351[0m [38;5;66;03m# to avoid default is None warning[39;00m
[1;32m    352[0m frame[38;5;241m.[39m_geometry_column_name [38;5;241m=[39m geo_column_name

File [0;32m~/opt/anaconda3/envs/ox/lib/python3.12/site-packages/geopandas/geodataframe.py:57[0m, in [0;36m_ensure_geometry[0;34m(data, crs)[0m
[1;32m     55[0m [38;5;28;01melse[39;00m:
[1;32m     56[0m     [38;5;28;01mif[39;00m [38;5;28misinstance[39m(data, Series):
[0;32m---> 57[0m         out [38;5;241m=[39m [43mfrom_shapely[49m[43m([49m[43mnp[49m[38;5;241;43m.[39;49m[43masarray[49m[43m([49m[43mdata[49m[43m)[49m[43m,[49m[43m [49m[43mcrs[49m[38;5;241;43m=[39;49m[43mcrs[49m[43m)[49m
[1;32m     58[0m         [38;5;28;01mreturn[39;00m GeoSeries(out, index[38;5;241m=[39mdata[38;5;241m.[39mindex, name[38;5;241m=[39mdata[38;5;241m.[39mname)
[1;32m     59[0m     [38;5;28;01melse[39;00m:

File [0;32m~/opt/anaconda3/envs/ox/lib/python3.12/site-packages/geopandas/array.py:159[0m, in [0;36mfrom_shapely[0;34m(data, crs)[0m
[1;32m    143[0m [38;5;28;01mdef[39;00m [38;5;21mfrom_shapely[39m(data, crs[38;5;241m=[39m[38;5;28;01mNone[39;00m):
[1;32m    144[0m [38;5;250m    [39m[38;5;124;03m"""[39;00m
[1;32m    145[0m [38;5;124;03m    Convert a list or array of shapely objects to a GeometryArray.[39;00m
[1;32m    146[0m 
[0;32m   (...)[0m
[1;32m    157[0m 
[1;32m    158[0m [38;5;124;03m    """[39;00m
[0;32m--> 159[0m     [38;5;28;01mreturn[39;00m [43mGeometryArray[49m[43m([49m[43mvectorized[49m[38;5;241;43m.[39;49m[43mfrom_shapely[49m[43m([49m[43mdata[49m[43m)[49m[43m,[49m[43m [49m[43mcrs[49m[38;5;241;43m=[39;49m[43mcrs[49m[43m)[49m

File [0;32m~/opt/anaconda3/envs/ox/lib/python3.12/site-packages/geopandas/array.py:294[0m, in [0;36mGeometryArray.__init__[0;34m(self, data, crs)[0m
[1;32m    291[0m [38;5;28mself[39m[38;5;241m.[39m_data [38;5;241m=[39m data
[1;32m    293[0m [38;5;28mself[39m[38;5;241m.[39m_crs [38;5;241m=[39m [38;5;28;01mNone[39;00m
[0;32m--> 294[0m [38;5;28;43mself[39;49m[38;5;241;43m.[39;49m[43mcrs[49m [38;5;241m=[39m crs
[1;32m    295[0m [38;5;28mself[39m[38;5;241m.[39m_sindex [38;5;241m=[39m [38;5;28;01mNone[39;00m

File [0;32m~/opt/anaconda3/envs/ox/lib/python3.12/site-packages/geopandas/array.py:360[0m, in [0;36mGeometryArray.crs[0;34m(self, value)[0m
[1;32m    357[0m [38;5;129m@crs[39m[38;5;241m.[39msetter
[1;32m    358[0m [38;5;28;01mdef[39;00m [38;5;21mcrs[39m([38;5;28mself[39m, value):
[1;32m    359[0m [38;5;250m    [39m[38;5;124;03m"""Sets the value of the crs"""[39;00m
[0;32m--> 360[0m     [38;5;28mself[39m[38;5;241m.[39m_crs [38;5;241m=[39m [38;5;28;01mNone[39;00m [38;5;28;01mif[39;00m [38;5;129;01mnot[39;00m value [38;5;28;01melse[39;00m [43mCRS[49m[38;5;241;43m.[39;49m[43mfrom_user_input[49m[43m([49m[43mvalue[49m[43m)[49m

File [0;32m~/opt/anaconda3/envs/ox/lib/python3.12/site-packages/pyproj/crs/crs.py:501[0m, in [0;36mCRS.from_user_input[0;34m(cls, value, **kwargs)[0m
[1;32m    499[0m [38;5;28;01mif[39;00m [38;5;28misinstance[39m(value, [38;5;28mcls[39m):
[1;32m    500[0m     [38;5;28;01mreturn[39;00m value
[0;32m--> 501[0m [38;5;28;01mreturn[39;00m [38;5;28;43mcls[39;49m[43m([49m[43mvalue[49m[43m,[49m[43m [49m[38;5;241;43m*[39;49m[38;5;241;43m*[39;49m[43mkwargs[49m[43m)[49m

File [0;32m~/opt/anaconda3/envs/ox/lib/python3.12/site-packages/pyproj/crs/crs.py:348[0m, in [0;36mCRS.__init__[0;34m(self, projparams, **kwargs)[0m
[1;32m    346[0m     [38;5;28mself[39m[38;5;241m.[39m_local[38;5;241m.[39mcrs [38;5;241m=[39m projparams
[1;32m    347[0m [38;5;28;01melse[39;00m:
[0;32m--> 348[0m     [38;5;28mself[39m[38;5;241m.[39m_local[38;5;241m.[39mcrs [38;5;241m=[39m [43m_CRS[49m[43m([49m[38;5;28;43mself[39;49m[38;5;241;43m.[39;49m[43msrs[49m[43m)[49m

File [0;32m~/opt/anaconda3/envs/ox/lib/python3.12/site-packages/pyproj/_crs.pyx:2378[0m, in [0;36mpyproj._crs._CRS.__init__[0;34m()[0m

[0;31mCRSError[0m: Invalid projection: EPSG:4326: (Internal Proj Error: proj_create: no database context specified)
CRSError: Invalid projection: EPSG:4326: (Internal Proj Error: proj_create: no database context specified)

