Traceback (most recent call last):
  File "/Users/gy22808/opt/anaconda3/envs/ox/lib/python3.12/site-packages/jupyter_cache/executors/utils.py", line 58, in single_nb_execution
    executenb(
  File "/Users/gy22808/opt/anaconda3/envs/ox/lib/python3.12/site-packages/nbclient/client.py", line 1305, in execute
    return NotebookClient(nb=nb, resources=resources, km=km, **kwargs).execute()
           ^^^^^^^^^^^^^^^^^^^^^^^^^^^^^^^^^^^^^^^^^^^^^^^^^^^^^^^^^^^^^^^^^^^^^
  File "/Users/gy22808/opt/anaconda3/envs/ox/lib/python3.12/site-packages/jupyter_core/utils/__init__.py", line 165, in wrapped
    return loop.run_until_complete(inner)
           ^^^^^^^^^^^^^^^^^^^^^^^^^^^^^^
  File "/Users/gy22808/opt/anaconda3/envs/ox/lib/python3.12/asyncio/base_events.py", line 684, in run_until_complete
    return future.result()
           ^^^^^^^^^^^^^^^
  File "/Users/gy22808/opt/anaconda3/envs/ox/lib/python3.12/site-packages/nbclient/client.py", line 705, in async_execute
    await self.async_execute_cell(
  File "/Users/gy22808/opt/anaconda3/envs/ox/lib/python3.12/site-packages/nbclient/client.py", line 1058, in async_execute_cell
    await self._check_raise_for_error(cell, cell_index, exec_reply)
  File "/Users/gy22808/opt/anaconda3/envs/ox/lib/python3.12/site-packages/nbclient/client.py", line 914, in _check_raise_for_error
    raise CellExecutionError.from_cell_and_msg(cell, exec_reply_content)
nbclient.exceptions.CellExecutionError: An error occurred while executing the following cell:
------------------
pyLDAvis.enable_notebook()
vis = gensimvis.prepare(lda_bristol, doc_term_matrix, dict_)
vis
------------------


[0;31m---------------------------------------------------------------------------[0m
[0;31mNameError[0m                                 Traceback (most recent call last)
Cell [0;32mIn[29], line 2[0m
[1;32m      1[0m pyLDAvis[38;5;241m.[39menable_notebook()
[0;32m----> 2[0m vis [38;5;241m=[39m gensimvis[38;5;241m.[39mprepare(lda_bristol, doc_term_matrix, [43mdict_[49m)
[1;32m      3[0m vis

[0;31mNameError[0m: name 'dict_' is not defined

