Traceback (most recent call last):
  File "/Users/gy22808/opt/anaconda3/envs/ox/lib/python3.12/site-packages/jupyter_cache/executors/utils.py", line 58, in single_nb_execution
    executenb(
  File "/Users/gy22808/opt/anaconda3/envs/ox/lib/python3.12/site-packages/nbclient/client.py", line 1305, in execute
    return NotebookClient(nb=nb, resources=resources, km=km, **kwargs).execute()
           ^^^^^^^^^^^^^^^^^^^^^^^^^^^^^^^^^^^^^^^^^^^^^^^^^^^^^^^^^^^^^^^^^^^^^
  File "/Users/gy22808/opt/anaconda3/envs/ox/lib/python3.12/site-packages/jupyter_core/utils/__init__.py", line 165, in wrapped
    return loop.run_until_complete(inner)
           ^^^^^^^^^^^^^^^^^^^^^^^^^^^^^^
  File "/Users/gy22808/opt/anaconda3/envs/ox/lib/python3.12/asyncio/base_events.py", line 684, in run_until_complete
    return future.result()
           ^^^^^^^^^^^^^^^
  File "/Users/gy22808/opt/anaconda3/envs/ox/lib/python3.12/site-packages/nbclient/client.py", line 705, in async_execute
    await self.async_execute_cell(
  File "/Users/gy22808/opt/anaconda3/envs/ox/lib/python3.12/site-packages/nbclient/client.py", line 1058, in async_execute_cell
    await self._check_raise_for_error(cell, cell_index, exec_reply)
  File "/Users/gy22808/opt/anaconda3/envs/ox/lib/python3.12/site-packages/nbclient/client.py", line 914, in _check_raise_for_error
    raise CellExecutionError.from_cell_and_msg(cell, exec_reply_content)
nbclient.exceptions.CellExecutionError: An error occurred while executing the following cell:
------------------
UK_physicalGeo = "The physical geography of the UK varies greatly. England consists of mostly lowland terrain, with upland or mountainous terrain only found north-west of the Tees-Exe line. The upland areas include the Lake District, the Pennines, North York Moors, Exmoor and Dartmoor. The lowland areas are typically traversed by ranges of low hills, frequently composed of chalk, and flat plains. Scotland is the most mountainous country in the UK and its physical geography is distinguished by the Highland Boundary Fault which traverses the Scottish mainland from Helensburgh to Stonehaven. The faultline separates the two distinctively different regions of the Highlands to the north and west, and the Lowlands to the south and east. The Highlands are predominantly mountainous, containing the majority of Scotland's mountainous landscape, while the Lowlands contain flatter land, especially across the Central Lowlands, with upland and mountainous terrain located at the Southern Uplands. Wales is mostly mountainous, though south Wales is less mountainous than north and mid Wales. Northern Ireland consists of mostly hilly landscape and its geography includes the Mourne Mountains as well as Lough Neagh, at 388 square kilometres (150 sq mi), the largest body of water in the UK.[12]The overall geomorphology of the UK was shaped by a combination of forces including tectonics and climate change, in particular glaciation in northern and western areas. The tallest mountain in the UK (and British Isles) is Ben Nevis, in the Grampian Mountains, Scotland. The longest river is the River Severn which flows from Wales into England. The largest lake by surface area is Lough Neagh in Northern Ireland, though Scotland's Loch Ness has the largest volume."
doc = nlp(UK_physicalGeo)
# see the entities
entities_dbpedia = [(ent.text, ent.label_, ent.kb_id_, ent._.dbpedia_raw_result['@similarityScore']) for ent in doc.ents]
entities_dbpedia[1]
------------------

----- stdout -----
[32m2025-03-24 23:12:03.749[0m | [31m[1mERROR   [0m | [36mspacy_dbpedia_spotlight.entity_linker[0m:[36mget_remote_response[0m:[36m248[0m - [31m[1mEndpoint unreachable, please check your connection. Document not updated.
                HTTPSConnectionPool(host='api.dbpedia-spotlight.org', port=443): Max retries exceeded with url: /en/annotate (Caused by SSLError(SSLCertVerificationError(1, '[SSL: CERTIFICATE_VERIFY_FAILED] certificate verify failed: certificate has expired (_ssl.c:1000)')))[0m
------------------

[0;31m---------------------------------------------------------------------------[0m
[0;31mSSLCertVerificationError[0m                  Traceback (most recent call last)
File [0;32m~/opt/anaconda3/envs/ox/lib/python3.12/site-packages/urllib3/connectionpool.py:467[0m, in [0;36mHTTPConnectionPool._make_request[0;34m(self, conn, method, url, body, headers, retries, timeout, chunked, response_conn, preload_content, decode_content, enforce_content_length)[0m
[1;32m    466[0m [38;5;28;01mtry[39;00m:
[0;32m--> 467[0m     [38;5;28;43mself[39;49m[38;5;241;43m.[39;49m[43m_validate_conn[49m[43m([49m[43mconn[49m[43m)[49m
[1;32m    468[0m [38;5;28;01mexcept[39;00m (SocketTimeout, BaseSSLError) [38;5;28;01mas[39;00m e:

File [0;32m~/opt/anaconda3/envs/ox/lib/python3.12/site-packages/urllib3/connectionpool.py:1099[0m, in [0;36mHTTPSConnectionPool._validate_conn[0;34m(self, conn)[0m
[1;32m   1098[0m [38;5;28;01mif[39;00m conn[38;5;241m.[39mis_closed:
[0;32m-> 1099[0m     [43mconn[49m[38;5;241;43m.[39;49m[43mconnect[49m[43m([49m[43m)[49m
[1;32m   1101[0m [38;5;66;03m# TODO revise this, see https://github.com/urllib3/urllib3/issues/2791[39;00m

File [0;32m~/opt/anaconda3/envs/ox/lib/python3.12/site-packages/urllib3/connection.py:653[0m, in [0;36mHTTPSConnection.connect[0;34m(self)[0m
[1;32m    651[0m server_hostname_rm_dot [38;5;241m=[39m server_hostname[38;5;241m.[39mrstrip([38;5;124m"[39m[38;5;124m.[39m[38;5;124m"[39m)
[0;32m--> 653[0m sock_and_verified [38;5;241m=[39m [43m_ssl_wrap_socket_and_match_hostname[49m[43m([49m
[1;32m    654[0m [43m    [49m[43msock[49m[38;5;241;43m=[39;49m[43msock[49m[43m,[49m
[1;32m    655[0m [43m    [49m[43mcert_reqs[49m[38;5;241;43m=[39;49m[38;5;28;43mself[39;49m[38;5;241;43m.[39;49m[43mcert_reqs[49m[43m,[49m
[1;32m    656[0m [43m    [49m[43mssl_version[49m[38;5;241;43m=[39;49m[38;5;28;43mself[39;49m[38;5;241;43m.[39;49m[43mssl_version[49m[43m,[49m
[1;32m    657[0m [43m    [49m[43mssl_minimum_version[49m[38;5;241;43m=[39;49m[38;5;28;43mself[39;49m[38;5;241;43m.[39;49m[43mssl_minimum_version[49m[43m,[49m
[1;32m    658[0m [43m    [49m[43mssl_maximum_version[49m[38;5;241;43m=[39;49m[38;5;28;43mself[39;49m[38;5;241;43m.[39;49m[43mssl_maximum_version[49m[43m,[49m
[1;32m    659[0m [43m    [49m[43mca_certs[49m[38;5;241;43m=[39;49m[38;5;28;43mself[39;49m[38;5;241;43m.[39;49m[43mca_certs[49m[43m,[49m
[1;32m    660[0m [43m    [49m[43mca_cert_dir[49m[38;5;241;43m=[39;49m[38;5;28;43mself[39;49m[38;5;241;43m.[39;49m[43mca_cert_dir[49m[43m,[49m
[1;32m    661[0m [43m    [49m[43mca_cert_data[49m[38;5;241;43m=[39;49m[38;5;28;43mself[39;49m[38;5;241;43m.[39;49m[43mca_cert_data[49m[43m,[49m
[1;32m    662[0m [43m    [49m[43mcert_file[49m[38;5;241;43m=[39;49m[38;5;28;43mself[39;49m[38;5;241;43m.[39;49m[43mcert_file[49m[43m,[49m
[1;32m    663[0m [43m    [49m[43mkey_file[49m[38;5;241;43m=[39;49m[38;5;28;43mself[39;49m[38;5;241;43m.[39;49m[43mkey_file[49m[43m,[49m
[1;32m    664[0m [43m    [49m[43mkey_password[49m[38;5;241;43m=[39;49m[38;5;28;43mself[39;49m[38;5;241;43m.[39;49m[43mkey_password[49m[43m,[49m
[1;32m    665[0m [43m    [49m[43mserver_hostname[49m[38;5;241;43m=[39;49m[43mserver_hostname_rm_dot[49m[43m,[49m
[1;32m    666[0m [43m    [49m[43mssl_context[49m[38;5;241;43m=[39;49m[38;5;28;43mself[39;49m[38;5;241;43m.[39;49m[43mssl_context[49m[43m,[49m
[1;32m    667[0m [43m    [49m[43mtls_in_tls[49m[38;5;241;43m=[39;49m[43mtls_in_tls[49m[43m,[49m
[1;32m    668[0m [43m    [49m[43massert_hostname[49m[38;5;241;43m=[39;49m[38;5;28;43mself[39;49m[38;5;241;43m.[39;49m[43massert_hostname[49m[43m,[49m
[1;32m    669[0m [43m    [49m[43massert_fingerprint[49m[38;5;241;43m=[39;49m[38;5;28;43mself[39;49m[38;5;241;43m.[39;49m[43massert_fingerprint[49m[43m,[49m
[1;32m    670[0m [43m[49m[43m)[49m
[1;32m    671[0m [38;5;28mself[39m[38;5;241m.[39msock [38;5;241m=[39m sock_and_verified[38;5;241m.[39msocket

File [0;32m~/opt/anaconda3/envs/ox/lib/python3.12/site-packages/urllib3/connection.py:806[0m, in [0;36m_ssl_wrap_socket_and_match_hostname[0;34m(sock, cert_reqs, ssl_version, ssl_minimum_version, ssl_maximum_version, cert_file, key_file, key_password, ca_certs, ca_cert_dir, ca_cert_data, assert_hostname, assert_fingerprint, server_hostname, ssl_context, tls_in_tls)[0m
[1;32m    804[0m         server_hostname [38;5;241m=[39m normalized
[0;32m--> 806[0m ssl_sock [38;5;241m=[39m [43mssl_wrap_socket[49m[43m([49m
[1;32m    807[0m [43m    [49m[43msock[49m[38;5;241;43m=[39;49m[43msock[49m[43m,[49m
[1;32m    808[0m [43m    [49m[43mkeyfile[49m[38;5;241;43m=[39;49m[43mkey_file[49m[43m,[49m
[1;32m    809[0m [43m    [49m[43mcertfile[49m[38;5;241;43m=[39;49m[43mcert_file[49m[43m,[49m
[1;32m    810[0m [43m    [49m[43mkey_password[49m[38;5;241;43m=[39;49m[43mkey_password[49m[43m,[49m
[1;32m    811[0m [43m    [49m[43mca_certs[49m[38;5;241;43m=[39;49m[43mca_certs[49m[43m,[49m
[1;32m    812[0m [43m    [49m[43mca_cert_dir[49m[38;5;241;43m=[39;49m[43mca_cert_dir[49m[43m,[49m
[1;32m    813[0m [43m    [49m[43mca_cert_data[49m[38;5;241;43m=[39;49m[43mca_cert_data[49m[43m,[49m
[1;32m    814[0m [43m    [49m[43mserver_hostname[49m[38;5;241;43m=[39;49m[43mserver_hostname[49m[43m,[49m
[1;32m    815[0m [43m    [49m[43mssl_context[49m[38;5;241;43m=[39;49m[43mcontext[49m[43m,[49m
[1;32m    816[0m [43m    [49m[43mtls_in_tls[49m[38;5;241;43m=[39;49m[43mtls_in_tls[49m[43m,[49m
[1;32m    817[0m [43m[49m[43m)[49m
[1;32m    819[0m [38;5;28;01mtry[39;00m:

File [0;32m~/opt/anaconda3/envs/ox/lib/python3.12/site-packages/urllib3/util/ssl_.py:465[0m, in [0;36mssl_wrap_socket[0;34m(sock, keyfile, certfile, cert_reqs, ca_certs, server_hostname, ssl_version, ciphers, ssl_context, ca_cert_dir, key_password, ca_cert_data, tls_in_tls)[0m
[1;32m    463[0m     [38;5;28;01mpass[39;00m
[0;32m--> 465[0m ssl_sock [38;5;241m=[39m [43m_ssl_wrap_socket_impl[49m[43m([49m[43msock[49m[43m,[49m[43m [49m[43mcontext[49m[43m,[49m[43m [49m[43mtls_in_tls[49m[43m,[49m[43m [49m[43mserver_hostname[49m[43m)[49m
[1;32m    466[0m [38;5;28;01mreturn[39;00m ssl_sock

File [0;32m~/opt/anaconda3/envs/ox/lib/python3.12/site-packages/urllib3/util/ssl_.py:509[0m, in [0;36m_ssl_wrap_socket_impl[0;34m(sock, ssl_context, tls_in_tls, server_hostname)[0m
[1;32m    507[0m     [38;5;28;01mreturn[39;00m SSLTransport(sock, ssl_context, server_hostname)
[0;32m--> 509[0m [38;5;28;01mreturn[39;00m [43mssl_context[49m[38;5;241;43m.[39;49m[43mwrap_socket[49m[43m([49m[43msock[49m[43m,[49m[43m [49m[43mserver_hostname[49m[38;5;241;43m=[39;49m[43mserver_hostname[49m[43m)[49m

File [0;32m~/opt/anaconda3/envs/ox/lib/python3.12/ssl.py:455[0m, in [0;36mSSLContext.wrap_socket[0;34m(self, sock, server_side, do_handshake_on_connect, suppress_ragged_eofs, server_hostname, session)[0m
[1;32m    449[0m [38;5;28;01mdef[39;00m [38;5;21mwrap_socket[39m([38;5;28mself[39m, sock, server_side[38;5;241m=[39m[38;5;28;01mFalse[39;00m,
[1;32m    450[0m                 do_handshake_on_connect[38;5;241m=[39m[38;5;28;01mTrue[39;00m,
[1;32m    451[0m                 suppress_ragged_eofs[38;5;241m=[39m[38;5;28;01mTrue[39;00m,
[1;32m    452[0m                 server_hostname[38;5;241m=[39m[38;5;28;01mNone[39;00m, session[38;5;241m=[39m[38;5;28;01mNone[39;00m):
[1;32m    453[0m     [38;5;66;03m# SSLSocket class handles server_hostname encoding before it calls[39;00m
[1;32m    454[0m     [38;5;66;03m# ctx._wrap_socket()[39;00m
[0;32m--> 455[0m     [38;5;28;01mreturn[39;00m [38;5;28;43mself[39;49m[38;5;241;43m.[39;49m[43msslsocket_class[49m[38;5;241;43m.[39;49m[43m_create[49m[43m([49m
[1;32m    456[0m [43m        [49m[43msock[49m[38;5;241;43m=[39;49m[43msock[49m[43m,[49m
[1;32m    457[0m [43m        [49m[43mserver_side[49m[38;5;241;43m=[39;49m[43mserver_side[49m[43m,[49m
[1;32m    458[0m [43m        [49m[43mdo_handshake_on_connect[49m[38;5;241;43m=[39;49m[43mdo_handshake_on_connect[49m[43m,[49m
[1;32m    459[0m [43m        [49m[43msuppress_ragged_eofs[49m[38;5;241;43m=[39;49m[43msuppress_ragged_eofs[49m[43m,[49m
[1;32m    460[0m [43m        [49m[43mserver_hostname[49m[38;5;241;43m=[39;49m[43mserver_hostname[49m[43m,[49m
[1;32m    461[0m [43m        [49m[43mcontext[49m[38;5;241;43m=[39;49m[38;5;28;43mself[39;49m[43m,[49m
[1;32m    462[0m [43m        [49m[43msession[49m[38;5;241;43m=[39;49m[43msession[49m
[1;32m    463[0m [43m    [49m[43m)[49m

File [0;32m~/opt/anaconda3/envs/ox/lib/python3.12/ssl.py:1046[0m, in [0;36mSSLSocket._create[0;34m(cls, sock, server_side, do_handshake_on_connect, suppress_ragged_eofs, server_hostname, context, session)[0m
[1;32m   1045[0m             [38;5;28;01mraise[39;00m [38;5;167;01mValueError[39;00m([38;5;124m"[39m[38;5;124mdo_handshake_on_connect should not be specified for non-blocking sockets[39m[38;5;124m"[39m)
[0;32m-> 1046[0m         [38;5;28;43mself[39;49m[38;5;241;43m.[39;49m[43mdo_handshake[49m[43m([49m[43m)[49m
[1;32m   1047[0m [38;5;28;01mexcept[39;00m ([38;5;167;01mOSError[39;00m, [38;5;167;01mValueError[39;00m):

File [0;32m~/opt/anaconda3/envs/ox/lib/python3.12/ssl.py:1321[0m, in [0;36mSSLSocket.do_handshake[0;34m(self, block)[0m
[1;32m   1320[0m         [38;5;28mself[39m[38;5;241m.[39msettimeout([38;5;28;01mNone[39;00m)
[0;32m-> 1321[0m     [38;5;28;43mself[39;49m[38;5;241;43m.[39;49m[43m_sslobj[49m[38;5;241;43m.[39;49m[43mdo_handshake[49m[43m([49m[43m)[49m
[1;32m   1322[0m [38;5;28;01mfinally[39;00m:

[0;31mSSLCertVerificationError[0m: [SSL: CERTIFICATE_VERIFY_FAILED] certificate verify failed: certificate has expired (_ssl.c:1000)

During handling of the above exception, another exception occurred:

[0;31mSSLError[0m                                  Traceback (most recent call last)
File [0;32m~/opt/anaconda3/envs/ox/lib/python3.12/site-packages/urllib3/connectionpool.py:793[0m, in [0;36mHTTPConnectionPool.urlopen[0;34m(self, method, url, body, headers, retries, redirect, assert_same_host, timeout, pool_timeout, release_conn, chunked, body_pos, preload_content, decode_content, **response_kw)[0m
[1;32m    792[0m [38;5;66;03m# Make the request on the HTTPConnection object[39;00m
[0;32m--> 793[0m response [38;5;241m=[39m [38;5;28;43mself[39;49m[38;5;241;43m.[39;49m[43m_make_request[49m[43m([49m
[1;32m    794[0m [43m    [49m[43mconn[49m[43m,[49m
[1;32m    795[0m [43m    [49m[43mmethod[49m[43m,[49m
[1;32m    796[0m [43m    [49m[43murl[49m[43m,[49m
[1;32m    797[0m [43m    [49m[43mtimeout[49m[38;5;241;43m=[39;49m[43mtimeout_obj[49m[43m,[49m
[1;32m    798[0m [43m    [49m[43mbody[49m[38;5;241;43m=[39;49m[43mbody[49m[43m,[49m
[1;32m    799[0m [43m    [49m[43mheaders[49m[38;5;241;43m=[39;49m[43mheaders[49m[43m,[49m
[1;32m    800[0m [43m    [49m[43mchunked[49m[38;5;241;43m=[39;49m[43mchunked[49m[43m,[49m
[1;32m    801[0m [43m    [49m[43mretries[49m[38;5;241;43m=[39;49m[43mretries[49m[43m,[49m
[1;32m    802[0m [43m    [49m[43mresponse_conn[49m[38;5;241;43m=[39;49m[43mresponse_conn[49m[43m,[49m
[1;32m    803[0m [43m    [49m[43mpreload_content[49m[38;5;241;43m=[39;49m[43mpreload_content[49m[43m,[49m
[1;32m    804[0m [43m    [49m[43mdecode_content[49m[38;5;241;43m=[39;49m[43mdecode_content[49m[43m,[49m
[1;32m    805[0m [43m    [49m[38;5;241;43m*[39;49m[38;5;241;43m*[39;49m[43mresponse_kw[49m[43m,[49m
[1;32m    806[0m [43m[49m[43m)[49m
[1;32m    808[0m [38;5;66;03m# Everything went great![39;00m

File [0;32m~/opt/anaconda3/envs/ox/lib/python3.12/site-packages/urllib3/connectionpool.py:491[0m, in [0;36mHTTPConnectionPool._make_request[0;34m(self, conn, method, url, body, headers, retries, timeout, chunked, response_conn, preload_content, decode_content, enforce_content_length)[0m
[1;32m    490[0m         new_e [38;5;241m=[39m _wrap_proxy_error(new_e, conn[38;5;241m.[39mproxy[38;5;241m.[39mscheme)
[0;32m--> 491[0m     [38;5;28;01mraise[39;00m new_e
[1;32m    493[0m [38;5;66;03m# conn.request() calls http.client.*.request, not the method in[39;00m
[1;32m    494[0m [38;5;66;03m# urllib3.request. It also calls makefile (recv) on the socket.[39;00m

[0;31mSSLError[0m: [SSL: CERTIFICATE_VERIFY_FAILED] certificate verify failed: certificate has expired (_ssl.c:1000)

The above exception was the direct cause of the following exception:

[0;31mMaxRetryError[0m                             Traceback (most recent call last)
File [0;32m~/opt/anaconda3/envs/ox/lib/python3.12/site-packages/requests/adapters.py:486[0m, in [0;36mHTTPAdapter.send[0;34m(self, request, stream, timeout, verify, cert, proxies)[0m
[1;32m    485[0m [38;5;28;01mtry[39;00m:
[0;32m--> 486[0m     resp [38;5;241m=[39m [43mconn[49m[38;5;241;43m.[39;49m[43murlopen[49m[43m([49m
[1;32m    487[0m [43m        [49m[43mmethod[49m[38;5;241;43m=[39;49m[43mrequest[49m[38;5;241;43m.[39;49m[43mmethod[49m[43m,[49m
[1;32m    488[0m [43m        [49m[43murl[49m[38;5;241;43m=[39;49m[43murl[49m[43m,[49m
[1;32m    489[0m [43m        [49m[43mbody[49m[38;5;241;43m=[39;49m[43mrequest[49m[38;5;241;43m.[39;49m[43mbody[49m[43m,[49m
[1;32m    490[0m [43m        [49m[43mheaders[49m[38;5;241;43m=[39;49m[43mrequest[49m[38;5;241;43m.[39;49m[43mheaders[49m[43m,[49m
[1;32m    491[0m [43m        [49m[43mredirect[49m[38;5;241;43m=[39;49m[38;5;28;43;01mFalse[39;49;00m[43m,[49m
[1;32m    492[0m [43m        [49m[43massert_same_host[49m[38;5;241;43m=[39;49m[38;5;28;43;01mFalse[39;49;00m[43m,[49m
[1;32m    493[0m [43m        [49m[43mpreload_content[49m[38;5;241;43m=[39;49m[38;5;28;43;01mFalse[39;49;00m[43m,[49m
[1;32m    494[0m [43m        [49m[43mdecode_content[49m[38;5;241;43m=[39;49m[38;5;28;43;01mFalse[39;49;00m[43m,[49m
[1;32m    495[0m [43m        [49m[43mretries[49m[38;5;241;43m=[39;49m[38;5;28;43mself[39;49m[38;5;241;43m.[39;49m[43mmax_retries[49m[43m,[49m
[1;32m    496[0m [43m        [49m[43mtimeout[49m[38;5;241;43m=[39;49m[43mtimeout[49m[43m,[49m
[1;32m    497[0m [43m        [49m[43mchunked[49m[38;5;241;43m=[39;49m[43mchunked[49m[43m,[49m
[1;32m    498[0m [43m    [49m[43m)[49m
[1;32m    500[0m [38;5;28;01mexcept[39;00m (ProtocolError, [38;5;167;01mOSError[39;00m) [38;5;28;01mas[39;00m err:

File [0;32m~/opt/anaconda3/envs/ox/lib/python3.12/site-packages/urllib3/connectionpool.py:847[0m, in [0;36mHTTPConnectionPool.urlopen[0;34m(self, method, url, body, headers, retries, redirect, assert_same_host, timeout, pool_timeout, release_conn, chunked, body_pos, preload_content, decode_content, **response_kw)[0m
[1;32m    845[0m     new_e [38;5;241m=[39m ProtocolError([38;5;124m"[39m[38;5;124mConnection aborted.[39m[38;5;124m"[39m, new_e)
[0;32m--> 847[0m retries [38;5;241m=[39m [43mretries[49m[38;5;241;43m.[39;49m[43mincrement[49m[43m([49m
[1;32m    848[0m [43m    [49m[43mmethod[49m[43m,[49m[43m [49m[43murl[49m[43m,[49m[43m [49m[43merror[49m[38;5;241;43m=[39;49m[43mnew_e[49m[43m,[49m[43m [49m[43m_pool[49m[38;5;241;43m=[39;49m[38;5;28;43mself[39;49m[43m,[49m[43m [49m[43m_stacktrace[49m[38;5;241;43m=[39;49m[43msys[49m[38;5;241;43m.[39;49m[43mexc_info[49m[43m([49m[43m)[49m[43m[[49m[38;5;241;43m2[39;49m[43m][49m
[1;32m    849[0m [43m[49m[43m)[49m
[1;32m    850[0m retries[38;5;241m.[39msleep()

File [0;32m~/opt/anaconda3/envs/ox/lib/python3.12/site-packages/urllib3/util/retry.py:515[0m, in [0;36mRetry.increment[0;34m(self, method, url, response, error, _pool, _stacktrace)[0m
[1;32m    514[0m     reason [38;5;241m=[39m error [38;5;129;01mor[39;00m ResponseError(cause)
[0;32m--> 515[0m     [38;5;28;01mraise[39;00m MaxRetryError(_pool, url, reason) [38;5;28;01mfrom[39;00m [38;5;21;01mreason[39;00m  [38;5;66;03m# type: ignore[arg-type][39;00m
[1;32m    517[0m log[38;5;241m.[39mdebug([38;5;124m"[39m[38;5;124mIncremented Retry for (url=[39m[38;5;124m'[39m[38;5;132;01m%s[39;00m[38;5;124m'[39m[38;5;124m): [39m[38;5;132;01m%r[39;00m[38;5;124m"[39m, url, new_retry)

[0;31mMaxRetryError[0m: HTTPSConnectionPool(host='api.dbpedia-spotlight.org', port=443): Max retries exceeded with url: /en/annotate (Caused by SSLError(SSLCertVerificationError(1, '[SSL: CERTIFICATE_VERIFY_FAILED] certificate verify failed: certificate has expired (_ssl.c:1000)')))

During handling of the above exception, another exception occurred:

[0;31mSSLError[0m                                  Traceback (most recent call last)
Cell [0;32mIn[2], line 2[0m
[1;32m      1[0m UK_physicalGeo [38;5;241m=[39m [38;5;124m"[39m[38;5;124mThe physical geography of the UK varies greatly. England consists of mostly lowland terrain, with upland or mountainous terrain only found north-west of the Tees-Exe line. The upland areas include the Lake District, the Pennines, North York Moors, Exmoor and Dartmoor. The lowland areas are typically traversed by ranges of low hills, frequently composed of chalk, and flat plains. Scotland is the most mountainous country in the UK and its physical geography is distinguished by the Highland Boundary Fault which traverses the Scottish mainland from Helensburgh to Stonehaven. The faultline separates the two distinctively different regions of the Highlands to the north and west, and the Lowlands to the south and east. The Highlands are predominantly mountainous, containing the majority of Scotland[39m[38;5;124m'[39m[38;5;124ms mountainous landscape, while the Lowlands contain flatter land, especially across the Central Lowlands, with upland and mountainous terrain located at the Southern Uplands. Wales is mostly mountainous, though south Wales is less mountainous than north and mid Wales. Northern Ireland consists of mostly hilly landscape and its geography includes the Mourne Mountains as well as Lough Neagh, at 388 square kilometres (150 sq mi), the largest body of water in the UK.[12]The overall geomorphology of the UK was shaped by a combination of forces including tectonics and climate change, in particular glaciation in northern and western areas. The tallest mountain in the UK (and British Isles) is Ben Nevis, in the Grampian Mountains, Scotland. The longest river is the River Severn which flows from Wales into England. The largest lake by surface area is Lough Neagh in Northern Ireland, though Scotland[39m[38;5;124m'[39m[38;5;124ms Loch Ness has the largest volume.[39m[38;5;124m"[39m
[0;32m----> 2[0m doc [38;5;241m=[39m [43mnlp[49m[43m([49m[43mUK_physicalGeo[49m[43m)[49m
[1;32m      3[0m [38;5;66;03m# see the entities[39;00m
[1;32m      4[0m entities_dbpedia [38;5;241m=[39m [(ent[38;5;241m.[39mtext, ent[38;5;241m.[39mlabel_, ent[38;5;241m.[39mkb_id_, ent[38;5;241m.[39m_[38;5;241m.[39mdbpedia_raw_result[[38;5;124m'[39m[38;5;124m@similarityScore[39m[38;5;124m'[39m]) [38;5;28;01mfor[39;00m ent [38;5;129;01min[39;00m doc[38;5;241m.[39ments]

File [0;32m~/opt/anaconda3/envs/ox/lib/python3.12/site-packages/spacy/language.py:1054[0m, in [0;36mLanguage.__call__[0;34m(self, text, disable, component_cfg)[0m
[1;32m   1052[0m     [38;5;28;01mraise[39;00m [38;5;167;01mValueError[39;00m(Errors[38;5;241m.[39mE109[38;5;241m.[39mformat(name[38;5;241m=[39mname)) [38;5;28;01mfrom[39;00m [38;5;21;01me[39;00m
[1;32m   1053[0m [38;5;28;01mexcept[39;00m [38;5;167;01mException[39;00m [38;5;28;01mas[39;00m e:
[0;32m-> 1054[0m     [43merror_handler[49m[43m([49m[43mname[49m[43m,[49m[43m [49m[43mproc[49m[43m,[49m[43m [49m[43m[[49m[43mdoc[49m[43m][49m[43m,[49m[43m [49m[43me[49m[43m)[49m
[1;32m   1055[0m [38;5;28;01mif[39;00m [38;5;129;01mnot[39;00m [38;5;28misinstance[39m(doc, Doc):
[1;32m   1056[0m     [38;5;28;01mraise[39;00m [38;5;167;01mValueError[39;00m(Errors[38;5;241m.[39mE005[38;5;241m.[39mformat(name[38;5;241m=[39mname, returned_type[38;5;241m=[39m[38;5;28mtype[39m(doc)))

File [0;32m~/opt/anaconda3/envs/ox/lib/python3.12/site-packages/spacy/util.py:1704[0m, in [0;36mraise_error[0;34m(proc_name, proc, docs, e)[0m
[1;32m   1703[0m [38;5;28;01mdef[39;00m [38;5;21mraise_error[39m(proc_name, proc, docs, e):
[0;32m-> 1704[0m     [38;5;28;01mraise[39;00m e

File [0;32m~/opt/anaconda3/envs/ox/lib/python3.12/site-packages/spacy/language.py:1049[0m, in [0;36mLanguage.__call__[0;34m(self, text, disable, component_cfg)[0m
[1;32m   1047[0m     error_handler [38;5;241m=[39m proc[38;5;241m.[39mget_error_handler()
[1;32m   1048[0m [38;5;28;01mtry[39;00m:
[0;32m-> 1049[0m     doc [38;5;241m=[39m [43mproc[49m[43m([49m[43mdoc[49m[43m,[49m[43m [49m[38;5;241;43m*[39;49m[38;5;241;43m*[39;49m[43mcomponent_cfg[49m[38;5;241;43m.[39;49m[43mget[49m[43m([49m[43mname[49m[43m,[49m[43m [49m[43m{[49m[43m}[49m[43m)[49m[43m)[49m  [38;5;66;03m# type: ignore[call-arg][39;00m
[1;32m   1050[0m [38;5;28;01mexcept[39;00m [38;5;167;01mKeyError[39;00m [38;5;28;01mas[39;00m e:
[1;32m   1051[0m     [38;5;66;03m# This typically happens if a component is not initialized[39;00m
[1;32m   1052[0m     [38;5;28;01mraise[39;00m [38;5;167;01mValueError[39;00m(Errors[38;5;241m.[39mE109[38;5;241m.[39mformat(name[38;5;241m=[39mname)) [38;5;28;01mfrom[39;00m [38;5;21;01me[39;00m

File [0;32m~/opt/anaconda3/envs/ox/lib/python3.12/site-packages/spacy_dbpedia_spotlight/entity_linker.py:269[0m, in [0;36mEntityLinker.__call__[0;34m(self, doc)[0m
[1;32m    260[0m [38;5;28;01mdef[39;00m [38;5;21m__call__[39m([38;5;28mself[39m, doc):
[1;32m    261[0m [38;5;250m    [39m[38;5;124;03m"""[39;00m
[1;32m    262[0m [38;5;124;03m    The function makes a request to the endpoint, and if the request is successful, it returns the[39;00m
[1;32m    263[0m [38;5;124;03m    document. If the request is unsuccessful, it returns the document without updating it[39;00m
[0;32m   (...)[0m
[1;32m    266[0m [38;5;124;03m    :return: The document is being returned.[39;00m
[1;32m    267[0m [38;5;124;03m    """[39;00m
[0;32m--> 269[0m     data [38;5;241m=[39m [38;5;28;43mself[39;49m[38;5;241;43m.[39;49m[43mget_remote_response[49m[43m([49m[43mdoc[49m[43m)[49m
[1;32m    270[0m     [38;5;28mself[39m[38;5;241m.[39mprocess_single_doc_after_call(doc, data)
[1;32m    271[0m     [38;5;28;01mreturn[39;00m doc

File [0;32m~/opt/anaconda3/envs/ox/lib/python3.12/site-packages/spacy_dbpedia_spotlight/entity_linker.py:253[0m, in [0;36mEntityLinker.get_remote_response[0;34m(self, doc)[0m
[1;32m    251[0m     logger[38;5;241m.[39mdebug([38;5;28mstr[39m(e))
[1;32m    252[0m     [38;5;28;01mif[39;00m [38;5;28mself[39m[38;5;241m.[39mraise_http_errors:
[0;32m--> 253[0m         [38;5;28;01mraise[39;00m e
[1;32m    254[0m     [38;5;28;01mreturn[39;00m [38;5;28;01mNone[39;00m
[1;32m    256[0m data [38;5;241m=[39m response[38;5;241m.[39mjson()

File [0;32m~/opt/anaconda3/envs/ox/lib/python3.12/site-packages/spacy_dbpedia_spotlight/entity_linker.py:236[0m, in [0;36mEntityLinker.get_remote_response[0;34m(self, doc)[0m
[1;32m    225[0m [38;5;250m[39m[38;5;124;03m"""[39;00m
[1;32m    226[0m [38;5;124;03mWraps a remote call to the DBpedia Spotlight API, handles the possible errors and returns the JSON response:[39;00m
[1;32m    227[0m [38;5;124;03m- calls make_request to perform the actual request[39;00m
[0;32m   (...)[0m
[1;32m    233[0m [38;5;124;03m:return: the JSON response or None in case of error and self.raise_http_errors is False[39;00m
[1;32m    234[0m [38;5;124;03m"""[39;00m
[1;32m    235[0m [38;5;28;01mtry[39;00m:
[0;32m--> 236[0m     response [38;5;241m=[39m [38;5;28;43mself[39;49m[38;5;241;43m.[39;49m[43mmake_request[49m[43m([49m[43mdoc[49m[43m)[49m
[1;32m    237[0m     response[38;5;241m.[39mraise_for_status()
[1;32m    238[0m [38;5;28;01mexcept[39;00m HTTPError [38;5;28;01mas[39;00m e:
[1;32m    239[0m     [38;5;66;03m# due to too many requests to the endpoint - this happens sometimes with the default public endpoint[39;00m

File [0;32m~/opt/anaconda3/envs/ox/lib/python3.12/site-packages/spacy_dbpedia_spotlight/entity_linker.py:221[0m, in [0;36mEntityLinker.make_request[0;34m(self, doc)[0m
[1;32m    218[0m     params[[38;5;124m'[39m[38;5;124mpolicy[39m[38;5;124m'[39m] [38;5;241m=[39m [38;5;28mself[39m[38;5;241m.[39mpolicy
[1;32m    220[0m [38;5;66;03m# TODO: application/ld+json would be more detailed? https://github.com/digitalbazaar/pyld[39;00m
[0;32m--> 221[0m [38;5;28;01mreturn[39;00m [43mrequests[49m[38;5;241;43m.[39;49m[43mpost[49m[43m([49m
[1;32m    222[0m [43m    [49m[38;5;124;43mf[39;49m[38;5;124;43m'[39;49m[38;5;132;43;01m{[39;49;00m[43mendpoint[49m[38;5;132;43;01m}[39;49;00m[38;5;124;43m/[39;49m[38;5;132;43;01m{[39;49;00m[38;5;28;43mself[39;49m[38;5;241;43m.[39;49m[43mprocess[49m[38;5;132;43;01m}[39;49;00m[38;5;124;43m'[39;49m[43m,[49m[43m [49m[43mheaders[49m[38;5;241;43m=[39;49m[43m{[49m[38;5;124;43m'[39;49m[38;5;124;43maccept[39;49m[38;5;124;43m'[39;49m[43m:[49m[43m [49m[38;5;124;43m'[39;49m[38;5;124;43mapplication/json[39;49m[38;5;124;43m'[39;49m[43m}[49m[43m,[49m[43m [49m[43mverify[49m[38;5;241;43m=[39;49m[38;5;28;43mself[39;49m[38;5;241;43m.[39;49m[43mverify_ssl[49m[43m,[49m[43m [49m[43mdata[49m[38;5;241;43m=[39;49m[43mparams[49m[43m)[49m

File [0;32m~/opt/anaconda3/envs/ox/lib/python3.12/site-packages/requests/api.py:115[0m, in [0;36mpost[0;34m(url, data, json, **kwargs)[0m
[1;32m    103[0m [38;5;28;01mdef[39;00m [38;5;21mpost[39m(url, data[38;5;241m=[39m[38;5;28;01mNone[39;00m, json[38;5;241m=[39m[38;5;28;01mNone[39;00m, [38;5;241m*[39m[38;5;241m*[39mkwargs):
[1;32m    104[0m [38;5;250m    [39m[38;5;124mr[39m[38;5;124;03m"""Sends a POST request.[39;00m
[1;32m    105[0m 
[1;32m    106[0m [38;5;124;03m    :param url: URL for the new :class:`Request` object.[39;00m
[0;32m   (...)[0m
[1;32m    112[0m [38;5;124;03m    :rtype: requests.Response[39;00m
[1;32m    113[0m [38;5;124;03m    """[39;00m
[0;32m--> 115[0m     [38;5;28;01mreturn[39;00m [43mrequest[49m[43m([49m[38;5;124;43m"[39;49m[38;5;124;43mpost[39;49m[38;5;124;43m"[39;49m[43m,[49m[43m [49m[43murl[49m[43m,[49m[43m [49m[43mdata[49m[38;5;241;43m=[39;49m[43mdata[49m[43m,[49m[43m [49m[43mjson[49m[38;5;241;43m=[39;49m[43mjson[49m[43m,[49m[43m [49m[38;5;241;43m*[39;49m[38;5;241;43m*[39;49m[43mkwargs[49m[43m)[49m

File [0;32m~/opt/anaconda3/envs/ox/lib/python3.12/site-packages/requests/api.py:59[0m, in [0;36mrequest[0;34m(method, url, **kwargs)[0m
[1;32m     55[0m [38;5;66;03m# By using the 'with' statement we are sure the session is closed, thus we[39;00m
[1;32m     56[0m [38;5;66;03m# avoid leaving sockets open which can trigger a ResourceWarning in some[39;00m
[1;32m     57[0m [38;5;66;03m# cases, and look like a memory leak in others.[39;00m
[1;32m     58[0m [38;5;28;01mwith[39;00m sessions[38;5;241m.[39mSession() [38;5;28;01mas[39;00m session:
[0;32m---> 59[0m     [38;5;28;01mreturn[39;00m [43msession[49m[38;5;241;43m.[39;49m[43mrequest[49m[43m([49m[43mmethod[49m[38;5;241;43m=[39;49m[43mmethod[49m[43m,[49m[43m [49m[43murl[49m[38;5;241;43m=[39;49m[43murl[49m[43m,[49m[43m [49m[38;5;241;43m*[39;49m[38;5;241;43m*[39;49m[43mkwargs[49m[43m)[49m

File [0;32m~/opt/anaconda3/envs/ox/lib/python3.12/site-packages/requests/sessions.py:589[0m, in [0;36mSession.request[0;34m(self, method, url, params, data, headers, cookies, files, auth, timeout, allow_redirects, proxies, hooks, stream, verify, cert, json)[0m
[1;32m    584[0m send_kwargs [38;5;241m=[39m {
[1;32m    585[0m     [38;5;124m"[39m[38;5;124mtimeout[39m[38;5;124m"[39m: timeout,
[1;32m    586[0m     [38;5;124m"[39m[38;5;124mallow_redirects[39m[38;5;124m"[39m: allow_redirects,
[1;32m    587[0m }
[1;32m    588[0m send_kwargs[38;5;241m.[39mupdate(settings)
[0;32m--> 589[0m resp [38;5;241m=[39m [38;5;28;43mself[39;49m[38;5;241;43m.[39;49m[43msend[49m[43m([49m[43mprep[49m[43m,[49m[43m [49m[38;5;241;43m*[39;49m[38;5;241;43m*[39;49m[43msend_kwargs[49m[43m)[49m
[1;32m    591[0m [38;5;28;01mreturn[39;00m resp

File [0;32m~/opt/anaconda3/envs/ox/lib/python3.12/site-packages/requests/sessions.py:703[0m, in [0;36mSession.send[0;34m(self, request, **kwargs)[0m
[1;32m    700[0m start [38;5;241m=[39m preferred_clock()
[1;32m    702[0m [38;5;66;03m# Send the request[39;00m
[0;32m--> 703[0m r [38;5;241m=[39m [43madapter[49m[38;5;241;43m.[39;49m[43msend[49m[43m([49m[43mrequest[49m[43m,[49m[43m [49m[38;5;241;43m*[39;49m[38;5;241;43m*[39;49m[43mkwargs[49m[43m)[49m
[1;32m    705[0m [38;5;66;03m# Total elapsed time of the request (approximately)[39;00m
[1;32m    706[0m elapsed [38;5;241m=[39m preferred_clock() [38;5;241m-[39m start

File [0;32m~/opt/anaconda3/envs/ox/lib/python3.12/site-packages/requests/adapters.py:517[0m, in [0;36mHTTPAdapter.send[0;34m(self, request, stream, timeout, verify, cert, proxies)[0m
[1;32m    513[0m         [38;5;28;01mraise[39;00m ProxyError(e, request[38;5;241m=[39mrequest)
[1;32m    515[0m     [38;5;28;01mif[39;00m [38;5;28misinstance[39m(e[38;5;241m.[39mreason, _SSLError):
[1;32m    516[0m         [38;5;66;03m# This branch is for urllib3 v1.22 and later.[39;00m
[0;32m--> 517[0m         [38;5;28;01mraise[39;00m SSLError(e, request[38;5;241m=[39mrequest)
[1;32m    519[0m     [38;5;28;01mraise[39;00m [38;5;167;01mConnectionError[39;00m(e, request[38;5;241m=[39mrequest)
[1;32m    521[0m [38;5;28;01mexcept[39;00m ClosedPoolError [38;5;28;01mas[39;00m e:

[0;31mSSLError[0m: HTTPSConnectionPool(host='api.dbpedia-spotlight.org', port=443): Max retries exceeded with url: /en/annotate (Caused by SSLError(SSLCertVerificationError(1, '[SSL: CERTIFICATE_VERIFY_FAILED] certificate verify failed: certificate has expired (_ssl.c:1000)')))

